Copyright 1986-2021 Xilinx, Inc. All Rights Reserved.
------------------------------------------------------------------------------------------------------------------
| Tool Version      : Vivado v.2021.1 (lin64) Build 3247384 Thu Jun 10 19:36:07 MDT 2021
| Date              : Mon Dec 20 23:37:29 2021
| Host              : liyunzhi-ThinkPad-X1 running 64-bit Ubuntu 18.04.6 LTS
| Command           : report_clock_utilization -file kv260_phigent_heimdallr_wrapper_clock_utilization_routed.rpt
| Design            : kv260_phigent_heimdallr_wrapper
| Device            : xck26-sfvc784
| Speed File        : -2LV  PRODUCTION 1.29 08-03-2020
| Temperature Grade : C
| Design State      : Routed
------------------------------------------------------------------------------------------------------------------

Clock Utilization Report

Table of Contents
-----------------
1. Clock Primitive Utilization
2. Global Clock Resources
3. Global Clock Source Details
4. Clock Regions : Clock Primitives
5. Clock Regions : Load Primitives
6. Clock Regions : Global Clock Summary
7. Clock Regions : Routing Resource Utilization
8. Device Cell Placement Summary for Global Clock g0
9. Device Cell Placement Summary for Global Clock g1
10. Device Cell Placement Summary for Global Clock g2
11. Device Cell Placement Summary for Global Clock g3
12. Device Cell Placement Summary for Global Clock g4
13. Device Cell Placement Summary for Global Clock g5
14. Device Cell Placement Summary for Global Clock g6
15. Device Cell Placement Summary for Global Clock g7
16. Device Cell Placement Summary for Global Clock g8
17. Device Cell Placement Summary for Global Clock g9
18. Clock Region Cell Placement per Global Clock: Region X0Y0
19. Clock Region Cell Placement per Global Clock: Region X1Y0
20. Clock Region Cell Placement per Global Clock: Region X2Y0
21. Clock Region Cell Placement per Global Clock: Region X0Y1
22. Clock Region Cell Placement per Global Clock: Region X1Y1
23. Clock Region Cell Placement per Global Clock: Region X0Y2
24. Clock Region Cell Placement per Global Clock: Region X1Y2
25. Clock Region Cell Placement per Global Clock: Region X0Y3
26. Clock Region Cell Placement per Global Clock: Region X1Y3

1. Clock Primitive Utilization
------------------------------

+------------+------+-----------+-----+--------------+--------+
| Type       | Used | Available | LOC | Clock Region | Pblock |
+------------+------+-----------+-----+--------------+--------+
| BUFGCE     |    9 |       112 |   0 |            0 |      0 |
| BUFGCE_DIV |    0 |        16 |   0 |            0 |      0 |
| BUFGCTRL   |    0 |        32 |   0 |            0 |      0 |
| BUFG_GT    |    0 |        96 |   0 |            0 |      0 |
| MMCM       |    1 |         4 |   0 |            0 |      0 |
| PLL        |    2 |         8 |   0 |            0 |      0 |
+------------+------+-----------+-----+--------------+--------+


2. Global Clock Resources
-------------------------

+-----------+-----------+-----------------+------------+---------------+--------------+------+-------------------+-------------------+-------------+-----------------+--------------+----------------------------------------------+-----------------------------------------------------------------------------------------------------------------------------------------------------------------------------------------------------------------------------------------+---------------------------------------------------------------------------------------------------------------------------------------------------------------------------------------------------------------------+
| Global Id | Source Id | Driver Type/Pin | Constraint | Site          | Clock Region | Root | Clock Delay Group | Load Clock Region | Clock Loads | Non-Clock Loads | Clock Period | Clock                                        | Driver Pin                                                                                                                                                                                                                              | Net                                                                                                                                                                                                                 |
+-----------+-----------+-----------------+------------+---------------+--------------+------+-------------------+-------------------+-------------+-----------------+--------------+----------------------------------------------+-----------------------------------------------------------------------------------------------------------------------------------------------------------------------------------------------------------------------------------------+---------------------------------------------------------------------------------------------------------------------------------------------------------------------------------------------------------------------+
| g0        | src0      | BUFGCE/O        | None       | BUFGCE_X0Y19  | X1Y0         | X1Y1 |                   |                 8 |       24530 |               0 |        3.333 | clk_300M_kv260_phigent_heimdallr_clk_wiz_0_0 | kv260_phigent_heimdallr_i/clk_wiz_0/inst/clkout3_buf/O                                                                                                                                                                                  | kv260_phigent_heimdallr_i/clk_wiz_0/inst/clk_300M                                                                                                                                                                   |
| g1        | src1      | BUFGCE/O        | None       | BUFGCE_X0Y20  | X1Y0         | X0Y1 |                   |                 6 |        3846 |               0 |       10.000 | clk_100M_kv260_phigent_heimdallr_clk_wiz_0_0 | kv260_phigent_heimdallr_i/clk_wiz_0/inst/clkout2_buf/O                                                                                                                                                                                  | kv260_phigent_heimdallr_i/clk_wiz_0/inst/clk_100M                                                                                                                                                                   |
| g2        | src2      | BUFGCE/O        | None       | BUFGCE_X0Y21  | X1Y0         | X0Y2 |                   |                 3 |         824 |               2 |        5.000 | clk_200M_kv260_phigent_heimdallr_clk_wiz_0_0 | kv260_phigent_heimdallr_i/clk_wiz_0/inst/clkout1_buf/O                                                                                                                                                                                  | kv260_phigent_heimdallr_i/clk_wiz_0/inst/clk_200M                                                                                                                                                                   |
| g3        | src3      | BUFGCE/O        | None       | BUFGCE_X0Y73  | X1Y3         | X1Y3 |                   |                 3 |         621 |               5 |        8.928 | mipi_phy_if_0_clk_p_FIFO_WRCLK_OUT           | kv260_phigent_heimdallr_i/capture_pipeline_0/mipi_csi2_rx_subsyst_0/inst/phy/inst/inst/bd_4a56_phy_0_rx_support_i/slave_rx.rxbyteclkhs_buf/O                                                                                            | kv260_phigent_heimdallr_i/capture_pipeline_0/mipi_csi2_rx_subsyst_0/inst/phy/inst/inst/bd_4a56_phy_0_rx_support_i/rxbyteclkhs                                                                                       |
| g4        | src4      | BUFGCE/O        | None       | BUFGCE_X0Y75  | X1Y3         | X1Y3 |                   |                 1 |          10 |               0 |        5.333 | GEN_PLL_IN_IP_USP.pll0_clkout0               | kv260_phigent_heimdallr_i/capture_pipeline_0/mipi_csi2_rx_subsyst_0/inst/phy/inst/inst/bd_4a56_phy_0_rx_support_i/slave_rx.bd_4a56_phy_0_rx_hssio_i/inst/top_inst/clk_rst_top_inst/clk_scheme_inst/GEN_PLL_IN_IP_USP.pll0_clkout0_buf/O | kv260_phigent_heimdallr_i/capture_pipeline_0/mipi_csi2_rx_subsyst_0/inst/phy/inst/inst/bd_4a56_phy_0_rx_support_i/slave_rx.bd_4a56_phy_0_rx_hssio_i/inst/top_inst/clk_rst_top_inst/clk_scheme_inst/pll0_clkout0_out |
| g5        | src5      | BUFGCE/O        | None       | BUFGCE_X0Y95  | X1Y3         | X1Y3 |                   |                 1 |          10 |               0 |        5.333 | GEN_PLL_IN_IP_USP.pll0_clkout0_1             | kv260_phigent_heimdallr_i/capture_pipeline_1/mipi_csi2_rx_subsyst_0/inst/phy/inst/inst/bd_8a97_phy_0_rx_support_i/slave_rx.bd_8a97_phy_0_rx_hssio_i/inst/top_inst/clk_rst_top_inst/clk_scheme_inst/GEN_PLL_IN_IP_USP.pll0_clkout0_buf/O | kv260_phigent_heimdallr_i/capture_pipeline_1/mipi_csi2_rx_subsyst_0/inst/phy/inst/inst/bd_8a97_phy_0_rx_support_i/slave_rx.bd_8a97_phy_0_rx_hssio_i/inst/top_inst/clk_rst_top_inst/clk_scheme_inst/pll0_clkout0_out |
| g6        | src6      | BUFGCE/O        | None       | BUFGCE_X0Y74  | X1Y3         | X1Y3 |                   |                 2 |           9 |               3 |        8.928 | mipi_phy_if_1_clk_p_FIFO_WRCLK_OUT           | kv260_phigent_heimdallr_i/capture_pipeline_1/mipi_csi2_rx_subsyst_0/inst/phy/inst/inst/bd_8a97_phy_0_rx_support_i/slave_rx.rxbyteclkhs_buf/O                                                                                            | kv260_phigent_heimdallr_i/capture_pipeline_1/mipi_csi2_rx_subsyst_0/inst/phy/inst/inst/bd_8a97_phy_0_rx_support_i/rxbyteclkhs                                                                                       |
| g7        | src7      | BUFGCE/O        | None       | BUFGCE_X0Y18  | X1Y0         | X0Y0 |                   |                 1 |           1 |               0 |       20.000 | clk_50M_kv260_phigent_heimdallr_clk_wiz_0_0  | kv260_phigent_heimdallr_i/clk_wiz_0/inst/clkout4_buf/O                                                                                                                                                                                  | kv260_phigent_heimdallr_i/clk_wiz_0/inst/clk_50M                                                                                                                                                                    |
| g8        | src8      | BUFGCE/O        | None       | BUFGCE_X0Y32  | X1Y1         | X1Y1 | n/a               |                 4 |           0 |            2762 |          n/a | n/a                                          | kv260_phigent_heimdallr_i/PS_0/inst/PS8_i_bufg_place/O                                                                                                                                                                                  | kv260_phigent_heimdallr_i/PS_0/inst/emio_gpio_o[0]                                                                                                                                                                  |
| g9        | src9      | BUFG_PS/O       | None       | BUFG_PS_X0Y72 | X0Y3         | X1Y0 | n/a               |                 1 |           0 |               1 |       10.000 | clk_pl_0                                     | kv260_phigent_heimdallr_i/PS_0/inst/buffer_pl_clk_0.PL_CLK_0_BUFG/O                                                                                                                                                                     | kv260_phigent_heimdallr_i/PS_0/inst/pl_clk0                                                                                                                                                                         |
+-----------+-----------+-----------------+------------+---------------+--------------+------+-------------------+-------------------+-------------+-----------------+--------------+----------------------------------------------+-----------------------------------------------------------------------------------------------------------------------------------------------------------------------------------------------------------------------------------------+---------------------------------------------------------------------------------------------------------------------------------------------------------------------------------------------------------------------+
* Clock Loads column represents the clock pin loads (pin count)
** Non-Clock Loads column represents the non-clock pin loads (pin count)


3. Global Clock Source Details
------------------------------

+-----------+-----------+----------------------------+-----------------------+-----------------------+--------------+-------------+-----------------+---------------------+----------------------------------------------+--------------------------------------------------------------------------------------------------------------------------------------------------------------------------------------------------------------------------------------------------+-----------------------------------------------------------------------------------------------------------------------------------------------------------------------------------------------------------------------------------+
| Source Id | Global Id | Driver Type/Pin            | Constraint            | Site                  | Clock Region | Clock Loads | Non-Clock Loads | Source Clock Period | Source Clock                                 | Driver Pin                                                                                                                                                                                                                                       | Net                                                                                                                                                                                                                               |
+-----------+-----------+----------------------------+-----------------------+-----------------------+--------------+-------------+-----------------+---------------------+----------------------------------------------+--------------------------------------------------------------------------------------------------------------------------------------------------------------------------------------------------------------------------------------------------+-----------------------------------------------------------------------------------------------------------------------------------------------------------------------------------------------------------------------------------+
| src0      | g0        | MMCME4_ADV/CLKOUT2         | None                  | MMCM_X0Y0             | X1Y0         |           1 |               0 |               3.333 | clk_300M_kv260_phigent_heimdallr_clk_wiz_0_0 | kv260_phigent_heimdallr_i/clk_wiz_0/inst/mmcme4_adv_inst/CLKOUT2                                                                                                                                                                                 | kv260_phigent_heimdallr_i/clk_wiz_0/inst/clk_300M_kv260_phigent_heimdallr_clk_wiz_0_0                                                                                                                                             |
| src1      | g1        | MMCME4_ADV/CLKOUT1         | None                  | MMCM_X0Y0             | X1Y0         |           1 |               0 |              10.000 | clk_100M_kv260_phigent_heimdallr_clk_wiz_0_0 | kv260_phigent_heimdallr_i/clk_wiz_0/inst/mmcme4_adv_inst/CLKOUT1                                                                                                                                                                                 | kv260_phigent_heimdallr_i/clk_wiz_0/inst/clk_100M_kv260_phigent_heimdallr_clk_wiz_0_0                                                                                                                                             |
| src2      | g2        | MMCME4_ADV/CLKOUT0         | None                  | MMCM_X0Y0             | X1Y0         |           1 |               0 |               5.000 | clk_200M_kv260_phigent_heimdallr_clk_wiz_0_0 | kv260_phigent_heimdallr_i/clk_wiz_0/inst/mmcme4_adv_inst/CLKOUT0                                                                                                                                                                                 | kv260_phigent_heimdallr_i/clk_wiz_0/inst/clk_200M_kv260_phigent_heimdallr_clk_wiz_0_0                                                                                                                                             |
| src3      | g3        | RX_BITSLICE/FIFO_WRCLK_OUT | BITSLICE_RX_TX_X0Y156 | BITSLICE_RX_TX_X0Y156 | X1Y3         |           1 |               0 |               8.928 | mipi_phy_if_0_clk_p_FIFO_WRCLK_OUT           | kv260_phigent_heimdallr_i/capture_pipeline_0/mipi_csi2_rx_subsyst_0/inst/phy/inst/inst/bd_4a56_phy_0_rx_support_i/slave_rx.bd_4a56_phy_0_rx_hssio_i/inst/top_inst/bs_top_inst/u_rx_bs/RX_BS[0].rx_bitslice_if_bs/FIFO_WRCLK_OUT                  | kv260_phigent_heimdallr_i/capture_pipeline_0/mipi_csi2_rx_subsyst_0/inst/phy/inst/inst/bd_4a56_phy_0_rx_support_i/slave_rx.bd_4a56_phy_0_rx_hssio_i/inst/top_inst/bs_top_inst/u_rx_bs/fifo_wr_clk_0                               |
| src4      | g4        | PLLE4_ADV/CLKOUT0          | None                  | PLL_X0Y7              | X1Y3         |           1 |               0 |               5.333 | GEN_PLL_IN_IP_USP.pll0_clkout0               | kv260_phigent_heimdallr_i/capture_pipeline_0/mipi_csi2_rx_subsyst_0/inst/phy/inst/inst/bd_4a56_phy_0_rx_support_i/slave_rx.bd_4a56_phy_0_rx_hssio_i/inst/top_inst/clk_rst_top_inst/clk_scheme_inst/GEN_PLL_IN_IP_USP.plle4_adv_pll0_inst/CLKOUT0 | kv260_phigent_heimdallr_i/capture_pipeline_0/mipi_csi2_rx_subsyst_0/inst/phy/inst/inst/bd_4a56_phy_0_rx_support_i/slave_rx.bd_4a56_phy_0_rx_hssio_i/inst/top_inst/clk_rst_top_inst/clk_scheme_inst/GEN_PLL_IN_IP_USP.pll0_clkout0 |
| src5      | g5        | PLLE4_ADV/CLKOUT0          | None                  | PLL_X0Y6              | X1Y3         |           1 |               0 |               5.333 | GEN_PLL_IN_IP_USP.pll0_clkout0_1             | kv260_phigent_heimdallr_i/capture_pipeline_1/mipi_csi2_rx_subsyst_0/inst/phy/inst/inst/bd_8a97_phy_0_rx_support_i/slave_rx.bd_8a97_phy_0_rx_hssio_i/inst/top_inst/clk_rst_top_inst/clk_scheme_inst/GEN_PLL_IN_IP_USP.plle4_adv_pll0_inst/CLKOUT0 | kv260_phigent_heimdallr_i/capture_pipeline_1/mipi_csi2_rx_subsyst_0/inst/phy/inst/inst/bd_8a97_phy_0_rx_support_i/slave_rx.bd_8a97_phy_0_rx_hssio_i/inst/top_inst/clk_rst_top_inst/clk_scheme_inst/GEN_PLL_IN_IP_USP.pll0_clkout0 |
| src6      | g6        | RX_BITSLICE/FIFO_WRCLK_OUT | BITSLICE_RX_TX_X0Y182 | BITSLICE_RX_TX_X0Y182 | X1Y3         |           1 |               0 |               8.928 | mipi_phy_if_1_clk_p_FIFO_WRCLK_OUT           | kv260_phigent_heimdallr_i/capture_pipeline_1/mipi_csi2_rx_subsyst_0/inst/phy/inst/inst/bd_8a97_phy_0_rx_support_i/slave_rx.bd_8a97_phy_0_rx_hssio_i/inst/top_inst/bs_top_inst/u_rx_bs/RX_BS[26].rx_bitslice_if_bs/FIFO_WRCLK_OUT                 | kv260_phigent_heimdallr_i/capture_pipeline_1/mipi_csi2_rx_subsyst_0/inst/phy/inst/inst/bd_8a97_phy_0_rx_support_i/slave_rx.bd_8a97_phy_0_rx_hssio_i/inst/top_inst/bs_top_inst/u_rx_bs/fifo_wr_clk_26                              |
| src7      | g7        | MMCME4_ADV/CLKOUT3         | None                  | MMCM_X0Y0             | X1Y0         |           1 |               0 |              20.000 | clk_50M_kv260_phigent_heimdallr_clk_wiz_0_0  | kv260_phigent_heimdallr_i/clk_wiz_0/inst/mmcme4_adv_inst/CLKOUT3                                                                                                                                                                                 | kv260_phigent_heimdallr_i/clk_wiz_0/inst/clk_50M_kv260_phigent_heimdallr_clk_wiz_0_0                                                                                                                                              |
| src8      | g8        | PS8/EMIOGPIOO[0]           | None                  | PS8_X0Y0              | X0Y1         |           1 |             119 |                     |                                              | kv260_phigent_heimdallr_i/PS_0/inst/PS8_i/EMIOGPIOO[0]                                                                                                                                                                                           | kv260_phigent_heimdallr_i/PS_0/inst/emio_gpio_o[0]_bufg_place                                                                                                                                                                     |
| src9      | g9        | PS8/PLCLK[0]               | None                  | PS8_X0Y0              | X0Y1         |           1 |               0 |              10.000 | clk_pl_0                                     | kv260_phigent_heimdallr_i/PS_0/inst/PS8_i/PLCLK[0]                                                                                                                                                                                               | kv260_phigent_heimdallr_i/PS_0/inst/pl_clk_unbuffered[0]                                                                                                                                                                          |
+-----------+-----------+----------------------------+-----------------------+-----------------------+--------------+-------------+-----------------+---------------------+----------------------------------------------+--------------------------------------------------------------------------------------------------------------------------------------------------------------------------------------------------------------------------------------------------+-----------------------------------------------------------------------------------------------------------------------------------------------------------------------------------------------------------------------------------+
* Clock Loads column represents the clock pin loads (pin count)
** Non-Clock Loads column represents the non-clock pin loads (pin count)


4. Clock Regions : Clock Primitives
-----------------------------------

+-------------------+---------------+---------------+---------------+---------------+---------------+---------------+---------------+
|                   |  Global Clock |     BUFGCE    |   BUFGCE_DIV  |    BUFGCTRL   |    BUFG_GT    |      MMCM     |      PLL      |
+-------------------+-------+-------+-------+-------+-------+-------+-------+-------+-------+-------+-------+-------+-------+-------+
| Clock Region Name | Used  | Avail | Used  | Avail | Used  | Avail | Used  | Avail | Used  | Avail | Used  | Avail | Used  | Avail |
+-------------------+-------+-------+-------+-------+-------+-------+-------+-------+-------+-------+-------+-------+-------+-------+
| X0Y0              |     3 |    24 |     0 |     4 |     0 |     0 |     0 |     0 |     0 |     0 |     0 |     0 |     0 |     0 |
| X1Y0              |     4 |    24 |     4 |    24 |     0 |     4 |     0 |     8 |     0 |     0 |     1 |     1 |     0 |     2 |
| X2Y0              |     1 |    24 |     0 |     0 |     0 |     0 |     0 |     0 |     0 |    24 |     0 |     0 |     0 |     0 |
| X0Y1              |     2 |    24 |     0 |     4 |     0 |     0 |     0 |     0 |     0 |     0 |     0 |     0 |     0 |     0 |
| X1Y1              |     2 |    24 |     1 |    24 |     0 |     4 |     0 |     8 |     0 |     0 |     0 |     1 |     0 |     2 |
| X2Y1              |     0 |    24 |     0 |     0 |     0 |     0 |     0 |     0 |     0 |    24 |     0 |     0 |     0 |     0 |
| X0Y2              |     5 |    24 |     0 |     4 |     0 |     0 |     0 |     0 |     0 |     0 |     0 |     0 |     0 |     0 |
| X1Y2              |     4 |    24 |     0 |    24 |     0 |     4 |     0 |     8 |     0 |     0 |     0 |     1 |     0 |     2 |
| X2Y2              |     0 |    24 |     0 |     0 |     0 |     0 |     0 |     0 |     0 |    24 |     0 |     0 |     0 |     0 |
| X0Y3              |     5 |    24 |     0 |     4 |     0 |     0 |     0 |     0 |     0 |     0 |     0 |     0 |     0 |     0 |
| X1Y3              |     6 |    24 |     4 |    24 |     0 |     4 |     0 |     8 |     0 |     0 |     0 |     1 |     2 |     2 |
| X2Y3              |     0 |    24 |     0 |     0 |     0 |     0 |     0 |     0 |     0 |    24 |     0 |     0 |     0 |     0 |
+-------------------+-------+-------+-------+-------+-------+-------+-------+-------+-------+-------+-------+-------+-------+-------+
* Global Clock column represents track count; while other columns represents cell counts


5. Clock Regions : Load Primitives
----------------------------------

+-------------------+------------------+------------------+------------------+------------------+------------------+------------------+------------------+------------------+
|                   |   Global Clock   |        FF        |      LUTRAM      |  Block RAM (18K) |       URAM       |        DSP       |        GT        |      HARD IP     |
+-------------------+--------+---------+--------+---------+--------+---------+--------+---------+--------+---------+--------+---------+--------+---------+--------+---------+
| Clock Region Name | Used   | Avail   | Used   | Avail   | Used   | Avail   | Used   | Avail   | Used   | Avail   | Used   | Avail   | Used   | Avail   | Used   | Avail   |
+-------------------+--------+---------+--------+---------+--------+---------+--------+---------+--------+---------+--------+---------+--------+---------+--------+---------+
| X0Y0              |      3 |      24 |   6540 |   22080 |      8 |    6240 |      0 |       0 |      0 |       0 |      0 |     144 |      0 |       0 |      0 |       0 |
| X1Y0              |      4 |      24 |    737 |   17280 |      0 |    5280 |      7 |      24 |      0 |       0 |      0 |     144 |      0 |       0 |      0 |       0 |
| X2Y0              |      1 |      24 |      2 |   19200 |      9 |    2880 |      0 |      48 |      8 |      16 |      0 |      24 |      0 |       4 |      0 |       1 |
| X0Y1              |      2 |      24 |   6861 |   22080 |    860 |    6240 |      0 |       0 |      0 |       0 |      2 |     144 |      0 |       0 |      0 |       0 |
| X1Y1              |      2 |      24 |   2373 |   17280 |      0 |    5280 |     22 |      24 |      0 |       0 |      0 |     144 |      0 |       0 |      0 |       0 |
| X2Y1              |      0 |      24 |      0 |   19200 |      0 |    2880 |      0 |      48 |      0 |      16 |      0 |      24 |      0 |       4 |      0 |       1 |
| X0Y2              |      5 |      24 |   4661 |   22080 |    191 |    6240 |      0 |       0 |      0 |       0 |      0 |     144 |      0 |       0 |      0 |       0 |
| X1Y2              |      4 |      24 |   1671 |   17280 |     11 |    5280 |     23 |      24 |      0 |       0 |      0 |     144 |      0 |       0 |      0 |       0 |
| X2Y2              |      0 |      24 |      0 |   19200 |      0 |    2880 |      0 |      48 |      0 |      16 |      0 |      24 |      0 |       4 |      0 |       0 |
| X0Y3              |      5 |      24 |   5193 |   22080 |    190 |    6240 |      0 |       0 |      0 |       0 |      0 |     144 |      0 |       0 |      0 |       0 |
| X1Y3              |      6 |      24 |    461 |   17280 |      1 |    5280 |      0 |      24 |      0 |       0 |      0 |     144 |      0 |       0 |      0 |       0 |
| X2Y3              |      0 |      24 |      0 |   19200 |      0 |    2880 |      0 |      48 |      0 |      16 |      0 |      24 |      0 |       4 |      0 |       0 |
+-------------------+--------+---------+--------+---------+--------+---------+--------+---------+--------+---------+--------+---------+--------+---------+--------+---------+
* Global Clock column represents track count; while other columns represents cell counts


6. Clock Regions : Global Clock Summary
---------------------------------------

All Modules
+----+----+----+----+
|    | X0 | X1 | X2 |
+----+----+----+----+
| Y3 |  6 |  7 |  0 |
| Y2 |  5 |  5 |  0 |
| Y1 |  4 |  3 |  0 |
| Y0 |  4 |  6 |  1 |
+----+----+----+----+


7. Clock Regions : Routing Resource Utilization
-----------------------------------------------

All Modules
+-------------------+----------------------+----------------------+----------------------+----------------------+
|                   |        HROUTES       |        HDISTRS       |        VROUTES       |        VDISTRS       |
+-------------------+------+-------+-------+------+-------+-------+------+-------+-------+------+-------+-------+
| Clock Region Name | Used | Avail | Util% | Used | Avail | Util% | Used | Avail | Util% | Used | Avail | Util% |
+-------------------+------+-------+-------+------+-------+-------+------+-------+-------+------+-------+-------+
| X0Y0              |    3 |    24 | 12.50 |    3 |    24 | 12.50 |    0 |    24 |  0.00 |    2 |    24 |  8.33 |
| X1Y0              |    5 |    24 | 20.83 |    4 |    24 | 16.67 |    1 |    24 |  4.17 |    3 |    24 | 12.50 |
| X2Y0              |    0 |    24 |  0.00 |    1 |    24 |  4.17 |    0 |    24 |  0.00 |    0 |    24 |  0.00 |
| X0Y1              |    0 |    24 |  0.00 |    2 |    24 |  8.33 |    2 |    24 |  8.33 |    1 |    24 |  4.17 |
| X1Y1              |    0 |    24 |  0.00 |    2 |    24 |  8.33 |    2 |    24 |  8.33 |    2 |    24 |  8.33 |
| X2Y1              |    0 |    24 |  0.00 |    0 |    24 |  0.00 |    0 |    24 |  0.00 |    0 |    24 |  0.00 |
| X0Y2              |    0 |    24 |  0.00 |    5 |    24 | 20.83 |    1 |    24 |  4.17 |    2 |    24 |  8.33 |
| X1Y2              |    0 |    24 |  0.00 |    4 |    24 | 16.67 |    1 |    24 |  4.17 |    2 |    24 |  8.33 |
| X2Y2              |    0 |    24 |  0.00 |    0 |    24 |  0.00 |    0 |    24 |  0.00 |    0 |    24 |  0.00 |
| X0Y3              |    2 |    24 |  8.33 |    5 |    24 | 20.83 |    0 |    24 |  0.00 |    0 |    24 |  0.00 |
| X1Y3              |    2 |    24 |  8.33 |    6 |    24 | 25.00 |    1 |    24 |  4.17 |    1 |    24 |  4.17 |
| X2Y3              |    0 |    24 |  0.00 |    0 |    24 |  0.00 |    0 |    24 |  0.00 |    0 |    24 |  0.00 |
+-------------------+------+-------+-------+------+-------+-------+------+-------+-------+------+-------+-------+


8. Device Cell Placement Summary for Global Clock g0
----------------------------------------------------

+-----------+-----------------+-------------------+----------------------------------------------+-------------+---------------+----------+-------------+----------+----------------+----------+---------------------------------------------------+
| Global Id | Driver Type/Pin | Driver Region (D) | Clock                                        | Period (ns) | Waveform (ns) | Root (R) | Slice Loads | IO Loads | Clocking Loads | GT Loads | Net                                               |
+-----------+-----------------+-------------------+----------------------------------------------+-------------+---------------+----------+-------------+----------+----------------+----------+---------------------------------------------------+
| g0        | BUFGCE/O        | X1Y0              | clk_300M_kv260_phigent_heimdallr_clk_wiz_0_0 |       3.333 | {0.000 1.667} | X1Y1     |       24485 |        0 |              0 |        0 | kv260_phigent_heimdallr_i/clk_wiz_0/inst/clk_300M |
+-----------+-----------------+-------------------+----------------------------------------------+-------------+---------------+----------+-------------+----------+----------------+----------+---------------------------------------------------+
* Slice Loads column represents load cell count of all cell types other than IO, GT and clock resources
** IO Loads column represents load cell count of IO types
*** Clocking Loads column represents load cell count that are clock resources (global clock buffer, MMCM, PLL, etc)
**** GT Loads column represents load cell count of GT types


+----+-------+----------+-----+-----------------------+
|    | X0    | X1       | X2  | HORIZONTAL PROG DELAY |
+----+-------+----------+-----+-----------------------+
| Y3 |  1095 |        0 |   0 |                     0 |
| Y2 |  4294 |     1692 |   0 |                     1 |
| Y1 |  7724 | (R) 2384 |   0 |                     1 |
| Y0 |  6546 |  (D) 739 |  11 |                     0 |
+----+-------+----------+-----+-----------------------+


9. Device Cell Placement Summary for Global Clock g1
----------------------------------------------------

+-----------+-----------------+-------------------+----------------------------------------------+-------------+---------------+----------+-------------+----------+----------------+----------+---------------------------------------------------+
| Global Id | Driver Type/Pin | Driver Region (D) | Clock                                        | Period (ns) | Waveform (ns) | Root (R) | Slice Loads | IO Loads | Clocking Loads | GT Loads | Net                                               |
+-----------+-----------------+-------------------+----------------------------------------------+-------------+---------------+----------+-------------+----------+----------------+----------+---------------------------------------------------+
| g1        | BUFGCE/O        | X1Y0              | clk_100M_kv260_phigent_heimdallr_clk_wiz_0_0 |      10.000 | {0.000 5.000} | X0Y1     |        3846 |        0 |              0 |        0 | kv260_phigent_heimdallr_i/clk_wiz_0/inst/clk_100M |
+-----------+-----------------+-------------------+----------------------------------------------+-------------+---------------+----------+-------------+----------+----------------+----------+---------------------------------------------------+
* Slice Loads column represents load cell count of all cell types other than IO, GT and clock resources
** IO Loads column represents load cell count of IO types
*** Clocking Loads column represents load cell count that are clock resources (global clock buffer, MMCM, PLL, etc)
**** GT Loads column represents load cell count of GT types


+----+-------+--------+----+-----------------------+
|    | X0    | X1     | X2 | HORIZONTAL PROG DELAY |
+----+-------+--------+----+-----------------------+
| Y3 |  3795 |      0 |  0 |                     0 |
| Y2 |    42 |      2 |  0 |                     1 |
| Y1 | (R) 1 |      0 |  0 |                     0 |
| Y0 |     4 |  (D) 2 |  0 |                     0 |
+----+-------+--------+----+-----------------------+


10. Device Cell Placement Summary for Global Clock g2
-----------------------------------------------------

+-----------+-----------------+-------------------+----------------------------------------------+-------------+---------------+----------+-------------+----------+----------------+----------+---------------------------------------------------+
| Global Id | Driver Type/Pin | Driver Region (D) | Clock                                        | Period (ns) | Waveform (ns) | Root (R) | Slice Loads | IO Loads | Clocking Loads | GT Loads | Net                                               |
+-----------+-----------------+-------------------+----------------------------------------------+-------------+---------------+----------+-------------+----------+----------------+----------+---------------------------------------------------+
| g2        | BUFGCE/O        | X1Y0              | clk_200M_kv260_phigent_heimdallr_clk_wiz_0_0 |       5.000 | {0.000 2.500} | X0Y2     |         824 |        0 |              2 |        0 | kv260_phigent_heimdallr_i/clk_wiz_0/inst/clk_200M |
+-----------+-----------------+-------------------+----------------------------------------------+-------------+---------------+----------+-------------+----------+----------------+----------+---------------------------------------------------+
* Slice Loads column represents load cell count of all cell types other than IO, GT and clock resources
** IO Loads column represents load cell count of IO types
*** Clocking Loads column represents load cell count that are clock resources (global clock buffer, MMCM, PLL, etc)
**** GT Loads column represents load cell count of GT types


+----+-------+--------+----+-----------------------+
|    | X0    | X1     | X2 | HORIZONTAL PROG DELAY |
+----+-------+--------+----+-----------------------+
| Y3 |   393 |    429 |  0 |                     0 |
| Y2 | (R) 4 |      0 |  0 |                     0 |
| Y1 |     0 |      0 |  0 |                     0 |
| Y0 |     0 |  (D) 0 |  0 |                     0 |
+----+-------+--------+----+-----------------------+


11. Device Cell Placement Summary for Global Clock g3
-----------------------------------------------------

+-----------+-----------------+-------------------+------------------------------------+-------------+---------------+----------+-------------+----------+----------------+----------+-------------------------------------------------------------------------------------------------------------------------------+
| Global Id | Driver Type/Pin | Driver Region (D) | Clock                              | Period (ns) | Waveform (ns) | Root (R) | Slice Loads | IO Loads | Clocking Loads | GT Loads | Net                                                                                                                           |
+-----------+-----------------+-------------------+------------------------------------+-------------+---------------+----------+-------------+----------+----------------+----------+-------------------------------------------------------------------------------------------------------------------------------+
| g3        | BUFGCE/O        | X1Y3              | mipi_phy_if_0_clk_p_FIFO_WRCLK_OUT |       8.928 | {0.000 4.464} | X1Y3     |         626 |        0 |              0 |        0 | kv260_phigent_heimdallr_i/capture_pipeline_0/mipi_csi2_rx_subsyst_0/inst/phy/inst/inst/bd_4a56_phy_0_rx_support_i/rxbyteclkhs |
+-----------+-----------------+-------------------+------------------------------------+-------------+---------------+----------+-------------+----------+----------------+----------+-------------------------------------------------------------------------------------------------------------------------------+
* Slice Loads column represents load cell count of all cell types other than IO, GT and clock resources
** IO Loads column represents load cell count of IO types
*** Clocking Loads column represents load cell count that are clock resources (global clock buffer, MMCM, PLL, etc)
**** GT Loads column represents load cell count of GT types


+----+------+------------+----+-----------------------+
|    | X0   | X1         | X2 | HORIZONTAL PROG DELAY |
+----+------+------------+----+-----------------------+
| Y3 |   91 | (R) (D) 23 |  0 |                     1 |
| Y2 |  512 |          0 |  0 |                     0 |
| Y1 |    0 |          0 |  0 |                     0 |
| Y0 |    0 |          0 |  0 |                     0 |
+----+------+------------+----+-----------------------+


12. Device Cell Placement Summary for Global Clock g4
-----------------------------------------------------

+-----------+-----------------+-------------------+--------------------------------+-------------+---------------+----------+-------------+----------+----------------+----------+---------------------------------------------------------------------------------------------------------------------------------------------------------------------------------------------------------------------+
| Global Id | Driver Type/Pin | Driver Region (D) | Clock                          | Period (ns) | Waveform (ns) | Root (R) | Slice Loads | IO Loads | Clocking Loads | GT Loads | Net                                                                                                                                                                                                                 |
+-----------+-----------------+-------------------+--------------------------------+-------------+---------------+----------+-------------+----------+----------------+----------+---------------------------------------------------------------------------------------------------------------------------------------------------------------------------------------------------------------------+
| g4        | BUFGCE/O        | X1Y3              | GEN_PLL_IN_IP_USP.pll0_clkout0 |       5.333 | {0.000 2.667} | X1Y3     |          10 |        0 |              0 |        0 | kv260_phigent_heimdallr_i/capture_pipeline_0/mipi_csi2_rx_subsyst_0/inst/phy/inst/inst/bd_4a56_phy_0_rx_support_i/slave_rx.bd_4a56_phy_0_rx_hssio_i/inst/top_inst/clk_rst_top_inst/clk_scheme_inst/pll0_clkout0_out |
+-----------+-----------------+-------------------+--------------------------------+-------------+---------------+----------+-------------+----------+----------------+----------+---------------------------------------------------------------------------------------------------------------------------------------------------------------------------------------------------------------------+
* Slice Loads column represents load cell count of all cell types other than IO, GT and clock resources
** IO Loads column represents load cell count of IO types
*** Clocking Loads column represents load cell count that are clock resources (global clock buffer, MMCM, PLL, etc)
**** GT Loads column represents load cell count of GT types


+----+----+------------+----+-----------------------+
|    | X0 | X1         | X2 | HORIZONTAL PROG DELAY |
+----+----+------------+----+-----------------------+
| Y3 |  0 | (R) (D) 10 |  0 |                     0 |
| Y2 |  0 |          0 |  0 |                     0 |
| Y1 |  0 |          0 |  0 |                     0 |
| Y0 |  0 |          0 |  0 |                     0 |
+----+----+------------+----+-----------------------+


13. Device Cell Placement Summary for Global Clock g5
-----------------------------------------------------

+-----------+-----------------+-------------------+----------------------------------+-------------+---------------+----------+-------------+----------+----------------+----------+---------------------------------------------------------------------------------------------------------------------------------------------------------------------------------------------------------------------+
| Global Id | Driver Type/Pin | Driver Region (D) | Clock                            | Period (ns) | Waveform (ns) | Root (R) | Slice Loads | IO Loads | Clocking Loads | GT Loads | Net                                                                                                                                                                                                                 |
+-----------+-----------------+-------------------+----------------------------------+-------------+---------------+----------+-------------+----------+----------------+----------+---------------------------------------------------------------------------------------------------------------------------------------------------------------------------------------------------------------------+
| g5        | BUFGCE/O        | X1Y3              | GEN_PLL_IN_IP_USP.pll0_clkout0_1 |       5.333 | {0.000 2.667} | X1Y3     |          10 |        0 |              0 |        0 | kv260_phigent_heimdallr_i/capture_pipeline_1/mipi_csi2_rx_subsyst_0/inst/phy/inst/inst/bd_8a97_phy_0_rx_support_i/slave_rx.bd_8a97_phy_0_rx_hssio_i/inst/top_inst/clk_rst_top_inst/clk_scheme_inst/pll0_clkout0_out |
+-----------+-----------------+-------------------+----------------------------------+-------------+---------------+----------+-------------+----------+----------------+----------+---------------------------------------------------------------------------------------------------------------------------------------------------------------------------------------------------------------------+
* Slice Loads column represents load cell count of all cell types other than IO, GT and clock resources
** IO Loads column represents load cell count of IO types
*** Clocking Loads column represents load cell count that are clock resources (global clock buffer, MMCM, PLL, etc)
**** GT Loads column represents load cell count of GT types


+----+----+------------+----+-----------------------+
|    | X0 | X1         | X2 | HORIZONTAL PROG DELAY |
+----+----+------------+----+-----------------------+
| Y3 |  0 | (R) (D) 10 |  0 |                     0 |
| Y2 |  0 |          0 |  0 |                     0 |
| Y1 |  0 |          0 |  0 |                     0 |
| Y0 |  0 |          0 |  0 |                     0 |
+----+----+------------+----+-----------------------+


14. Device Cell Placement Summary for Global Clock g6
-----------------------------------------------------

+-----------+-----------------+-------------------+------------------------------------+-------------+---------------+----------+-------------+----------+----------------+----------+-------------------------------------------------------------------------------------------------------------------------------+
| Global Id | Driver Type/Pin | Driver Region (D) | Clock                              | Period (ns) | Waveform (ns) | Root (R) | Slice Loads | IO Loads | Clocking Loads | GT Loads | Net                                                                                                                           |
+-----------+-----------------+-------------------+------------------------------------+-------------+---------------+----------+-------------+----------+----------------+----------+-------------------------------------------------------------------------------------------------------------------------------+
| g6        | BUFGCE/O        | X1Y3              | mipi_phy_if_1_clk_p_FIFO_WRCLK_OUT |       8.928 | {0.000 4.464} | X1Y3     |          12 |        0 |              0 |        0 | kv260_phigent_heimdallr_i/capture_pipeline_1/mipi_csi2_rx_subsyst_0/inst/phy/inst/inst/bd_8a97_phy_0_rx_support_i/rxbyteclkhs |
+-----------+-----------------+-------------------+------------------------------------+-------------+---------------+----------+-------------+----------+----------------+----------+-------------------------------------------------------------------------------------------------------------------------------+
* Slice Loads column represents load cell count of all cell types other than IO, GT and clock resources
** IO Loads column represents load cell count of IO types
*** Clocking Loads column represents load cell count that are clock resources (global clock buffer, MMCM, PLL, etc)
**** GT Loads column represents load cell count of GT types


+----+----+-----------+----+-----------------------+
|    | X0 | X1        | X2 | HORIZONTAL PROG DELAY |
+----+----+-----------+----+-----------------------+
| Y3 |  9 | (R) (D) 3 |  0 |                     0 |
| Y2 |  0 |         0 |  0 |                     0 |
| Y1 |  0 |         0 |  0 |                     0 |
| Y0 |  0 |         0 |  0 |                     0 |
+----+----+-----------+----+-----------------------+


15. Device Cell Placement Summary for Global Clock g7
-----------------------------------------------------

+-----------+-----------------+-------------------+---------------------------------------------+-------------+----------------+----------+-------------+----------+----------------+----------+--------------------------------------------------+
| Global Id | Driver Type/Pin | Driver Region (D) | Clock                                       | Period (ns) | Waveform (ns)  | Root (R) | Slice Loads | IO Loads | Clocking Loads | GT Loads | Net                                              |
+-----------+-----------------+-------------------+---------------------------------------------+-------------+----------------+----------+-------------+----------+----------------+----------+--------------------------------------------------+
| g7        | BUFGCE/O        | X1Y0              | clk_50M_kv260_phigent_heimdallr_clk_wiz_0_0 |      20.000 | {0.000 10.000} | X0Y0     |           1 |        0 |              0 |        0 | kv260_phigent_heimdallr_i/clk_wiz_0/inst/clk_50M |
+-----------+-----------------+-------------------+---------------------------------------------+-------------+----------------+----------+-------------+----------+----------------+----------+--------------------------------------------------+
* Slice Loads column represents load cell count of all cell types other than IO, GT and clock resources
** IO Loads column represents load cell count of IO types
*** Clocking Loads column represents load cell count that are clock resources (global clock buffer, MMCM, PLL, etc)
**** GT Loads column represents load cell count of GT types


+----+-------+--------+----+-----------------------+
|    | X0    | X1     | X2 | HORIZONTAL PROG DELAY |
+----+-------+--------+----+-----------------------+
| Y3 |     0 |      0 |  0 |                     0 |
| Y2 |     0 |      0 |  0 |                     0 |
| Y1 |     0 |      0 |  0 |                     0 |
| Y0 | (R) 1 |  (D) 0 |  0 |                     0 |
+----+-------+--------+----+-----------------------+


16. Device Cell Placement Summary for Global Clock g8
-----------------------------------------------------

+-----------+-----------------+-------------------+-------+-------------+---------------+----------+-------------+----------+----------------+----------+----------------------------------------------------+
| Global Id | Driver Type/Pin | Driver Region (D) | Clock | Period (ns) | Waveform (ns) | Root (R) | Slice Loads | IO Loads | Clocking Loads | GT Loads | Net                                                |
+-----------+-----------------+-------------------+-------+-------------+---------------+----------+-------------+----------+----------------+----------+----------------------------------------------------+
| g8        | BUFGCE/O        | X1Y1              |       |             |               | X1Y1     |        2762 |        0 |              0 |        0 | kv260_phigent_heimdallr_i/PS_0/inst/emio_gpio_o[0] |
+-----------+-----------------+-------------------+-------+-------------+---------------+----------+-------------+----------+----------------+----------+----------------------------------------------------+
* Slice Loads column represents load cell count of all cell types other than IO, GT and clock resources
** IO Loads column represents load cell count of IO types
*** Clocking Loads column represents load cell count that are clock resources (global clock buffer, MMCM, PLL, etc)
**** GT Loads column represents load cell count of GT types


+----+-------+-------------+----+-----------------------+
|    | X0    | X1          | X2 | HORIZONTAL PROG DELAY |
+----+-------+-------------+----+-----------------------+
| Y3 |     0 |           0 |  0 |                     0 |
| Y2 |   174 |           0 |  0 |                     0 |
| Y1 |  1800 | (R) (D) 779 |  0 |                     0 |
| Y0 |     0 |           9 |  0 |                     0 |
+----+-------+-------------+----+-----------------------+


17. Device Cell Placement Summary for Global Clock g9
-----------------------------------------------------

+-----------+-----------------+-------------------+----------+-------------+---------------+----------+-------------+----------+----------------+----------+---------------------------------------------+
| Global Id | Driver Type/Pin | Driver Region (D) | Clock    | Period (ns) | Waveform (ns) | Root (R) | Slice Loads | IO Loads | Clocking Loads | GT Loads | Net                                         |
+-----------+-----------------+-------------------+----------+-------------+---------------+----------+-------------+----------+----------------+----------+---------------------------------------------+
| g9        | BUFG_PS/O       | X0Y3              | clk_pl_0 |      10.000 | {0.000 5.000} | X1Y0     |           0 |        0 |              1 |        0 | kv260_phigent_heimdallr_i/PS_0/inst/pl_clk0 |
+-----------+-----------------+-------------------+----------+-------------+---------------+----------+-------------+----------+----------------+----------+---------------------------------------------+
* Slice Loads column represents load cell count of all cell types other than IO, GT and clock resources
** IO Loads column represents load cell count of IO types
*** Clocking Loads column represents load cell count that are clock resources (global clock buffer, MMCM, PLL, etc)
**** GT Loads column represents load cell count of GT types


+----+--------+-------+----+-----------------------+
|    | X0     | X1    | X2 | HORIZONTAL PROG DELAY |
+----+--------+-------+----+-----------------------+
| Y3 |  (D) 0 |     0 |  0 |                     0 |
| Y2 |      0 |     0 |  0 |                     0 |
| Y1 |      0 |     0 |  0 |                     0 |
| Y0 |      0 | (R) 1 |  0 |                     0 |
+----+--------+-------+----+-----------------------+


18. Clock Region Cell Placement per Global Clock: Region X0Y0
-------------------------------------------------------------

+-----------+-------+-----------------+------------+-------------+-----------------+------+--------+------+------+-----+----+------+-----+---------+---------------------------------------------------+
| Global Id | Track | Driver Type/Pin | Constraint | Clock Loads | Non-Clock Loads | FF   | LUTRAM | RAMB | URAM | DSP | GT | MMCM | PLL | Hard IP | Net                                               |
+-----------+-------+-----------------+------------+-------------+-----------------+------+--------+------+------+-----+----+------+-----+---------+---------------------------------------------------+
| g0        | 19    | BUFGCE/O        | None       |        6546 |               0 | 6537 |      8 |    0 |    0 |   0 |  0 |    0 |   0 |       0 | kv260_phigent_heimdallr_i/clk_wiz_0/inst/clk_300M |
| g1        | 20    | BUFGCE/O        | None       |           4 |               0 |    3 |      0 |    0 |    0 |   0 |  0 |    0 |   0 |       0 | kv260_phigent_heimdallr_i/clk_wiz_0/inst/clk_100M |
| g2+       | 21    | BUFGCE/O        | None       |           0 |               0 |    0 |      0 |    0 |    0 |   0 |  0 |    0 |   0 |       0 | kv260_phigent_heimdallr_i/clk_wiz_0/inst/clk_200M |
| g7        | 18    | BUFGCE/O        | None       |           1 |               0 |    0 |      0 |    0 |    0 |   0 |  0 |    0 |   0 |       0 | kv260_phigent_heimdallr_i/clk_wiz_0/inst/clk_50M  |
+-----------+-------+-----------------+------------+-------------+-----------------+------+--------+------+------+-----+----+------+-----+---------+---------------------------------------------------+
* Clock Loads column represents the clock pin loads (pin count)
** Non-Clock Loads column represents the non-clock pin loads (pin count)
*** Columns FF, LUTRAM, RAMB through 'Hard IP' represents load cell counts
**** In Global Id column, sympbol '+' indicates that global clock was used only to route through the clock region.


19. Clock Region Cell Placement per Global Clock: Region X1Y0
-------------------------------------------------------------

+-----------+-------+-----------------+------------+-------------+-----------------+-----+--------+------+------+-----+----+------+-----+---------+----------------------------------------------------+
| Global Id | Track | Driver Type/Pin | Constraint | Clock Loads | Non-Clock Loads | FF  | LUTRAM | RAMB | URAM | DSP | GT | MMCM | PLL | Hard IP | Net                                                |
+-----------+-------+-----------------+------------+-------------+-----------------+-----+--------+------+------+-----+----+------+-----+---------+----------------------------------------------------+
| g0        | 19    | BUFGCE/O        | None       |         739 |               0 | 735 |      0 |    4 |    0 |   0 |  0 |    0 |   0 |       0 | kv260_phigent_heimdallr_i/clk_wiz_0/inst/clk_300M  |
| g1        | 20    | BUFGCE/O        | None       |           2 |               0 |   2 |      0 |    0 |    0 |   0 |  0 |    0 |   0 |       0 | kv260_phigent_heimdallr_i/clk_wiz_0/inst/clk_100M  |
| g2+       | 21    | BUFGCE/O        | None       |           0 |               0 |   0 |      0 |    0 |    0 |   0 |  0 |    0 |   0 |       0 | kv260_phigent_heimdallr_i/clk_wiz_0/inst/clk_200M  |
| g7+       | 18    | BUFGCE/O        | None       |           0 |               0 |   0 |      0 |    0 |    0 |   0 |  0 |    0 |   0 |       0 | kv260_phigent_heimdallr_i/clk_wiz_0/inst/clk_50M   |
| g8        | 8     | BUFGCE/O        | None       |           0 |               9 |   9 |      0 |    0 |    0 |   0 |  0 |    0 |   0 |       0 | kv260_phigent_heimdallr_i/PS_0/inst/emio_gpio_o[0] |
| g9        | 0     | BUFG_PS/O       | None       |           0 |               1 |   0 |      0 |    0 |    0 |   0 |  0 |    1 |   0 |       0 | kv260_phigent_heimdallr_i/PS_0/inst/pl_clk0        |
+-----------+-------+-----------------+------------+-------------+-----------------+-----+--------+------+------+-----+----+------+-----+---------+----------------------------------------------------+
* Clock Loads column represents the clock pin loads (pin count)
** Non-Clock Loads column represents the non-clock pin loads (pin count)
*** Columns FF, LUTRAM, RAMB through 'Hard IP' represents load cell counts
**** In Global Id column, sympbol '+' indicates that global clock was used only to route through the clock region.


20. Clock Region Cell Placement per Global Clock: Region X2Y0
-------------------------------------------------------------

+-----------+-------+-----------------+------------+-------------+-----------------+----+--------+------+------+-----+----+------+-----+---------+---------------------------------------------------+
| Global Id | Track | Driver Type/Pin | Constraint | Clock Loads | Non-Clock Loads | FF | LUTRAM | RAMB | URAM | DSP | GT | MMCM | PLL | Hard IP | Net                                               |
+-----------+-------+-----------------+------------+-------------+-----------------+----+--------+------+------+-----+----+------+-----+---------+---------------------------------------------------+
| g0        | 19    | BUFGCE/O        | None       |          11 |               0 |  2 |      9 |    0 |    8 |   0 |  0 |    0 |   0 |       0 | kv260_phigent_heimdallr_i/clk_wiz_0/inst/clk_300M |
+-----------+-------+-----------------+------------+-------------+-----------------+----+--------+------+------+-----+----+------+-----+---------+---------------------------------------------------+
* Clock Loads column represents the clock pin loads (pin count)
** Non-Clock Loads column represents the non-clock pin loads (pin count)
*** Columns FF, LUTRAM, RAMB through 'Hard IP' represents load cell counts


21. Clock Region Cell Placement per Global Clock: Region X0Y1
-------------------------------------------------------------

+-----------+-------+-----------------+------------+-------------+-----------------+------+--------+------+------+-----+----+------+-----+---------+----------------------------------------------------+
| Global Id | Track | Driver Type/Pin | Constraint | Clock Loads | Non-Clock Loads | FF   | LUTRAM | RAMB | URAM | DSP | GT | MMCM | PLL | Hard IP | Net                                                |
+-----------+-------+-----------------+------------+-------------+-----------------+------+--------+------+------+-----+----+------+-----+---------+----------------------------------------------------+
| g0        | 19    | BUFGCE/O        | None       |        7724 |               0 | 6861 |    860 |    0 |    0 |   2 |  0 |    0 |   0 |       0 | kv260_phigent_heimdallr_i/clk_wiz_0/inst/clk_300M  |
| g1        | 20    | BUFGCE/O        | None       |           1 |               0 |    0 |      0 |    0 |    0 |   0 |  0 |    0 |   0 |       0 | kv260_phigent_heimdallr_i/clk_wiz_0/inst/clk_100M  |
| g2+       | 21    | BUFGCE/O        | None       |           0 |               0 |    0 |      0 |    0 |    0 |   0 |  0 |    0 |   0 |       0 | kv260_phigent_heimdallr_i/clk_wiz_0/inst/clk_200M  |
| g8        | 8     | BUFGCE/O        | None       |           0 |            1800 | 1800 |      0 |    0 |    0 |   0 |  0 |    0 |   0 |       0 | kv260_phigent_heimdallr_i/PS_0/inst/emio_gpio_o[0] |
+-----------+-------+-----------------+------------+-------------+-----------------+------+--------+------+------+-----+----+------+-----+---------+----------------------------------------------------+
* Clock Loads column represents the clock pin loads (pin count)
** Non-Clock Loads column represents the non-clock pin loads (pin count)
*** Columns FF, LUTRAM, RAMB through 'Hard IP' represents load cell counts
**** In Global Id column, sympbol '+' indicates that global clock was used only to route through the clock region.


22. Clock Region Cell Placement per Global Clock: Region X1Y1
-------------------------------------------------------------

+-----------+-------+-----------------+------------+-------------+-----------------+------+--------+------+------+-----+----+------+-----+---------+----------------------------------------------------+
| Global Id | Track | Driver Type/Pin | Constraint | Clock Loads | Non-Clock Loads | FF   | LUTRAM | RAMB | URAM | DSP | GT | MMCM | PLL | Hard IP | Net                                                |
+-----------+-------+-----------------+------------+-------------+-----------------+------+--------+------+------+-----+----+------+-----+---------+----------------------------------------------------+
| g0        | 19    | BUFGCE/O        | None       |        2384 |               0 | 2373 |      0 |   11 |    0 |   0 |  0 |    0 |   0 |       0 | kv260_phigent_heimdallr_i/clk_wiz_0/inst/clk_300M  |
| g8        | 8     | BUFGCE/O        | None       |           0 |             779 |  779 |      0 |    0 |    0 |   0 |  0 |    0 |   0 |       0 | kv260_phigent_heimdallr_i/PS_0/inst/emio_gpio_o[0] |
| g9+       | 0     | BUFG_PS/O       | None       |           0 |               0 |    0 |      0 |    0 |    0 |   0 |  0 |    0 |   0 |       0 | kv260_phigent_heimdallr_i/PS_0/inst/pl_clk0        |
+-----------+-------+-----------------+------------+-------------+-----------------+------+--------+------+------+-----+----+------+-----+---------+----------------------------------------------------+
* Clock Loads column represents the clock pin loads (pin count)
** Non-Clock Loads column represents the non-clock pin loads (pin count)
*** Columns FF, LUTRAM, RAMB through 'Hard IP' represents load cell counts
**** In Global Id column, sympbol '+' indicates that global clock was used only to route through the clock region.


23. Clock Region Cell Placement per Global Clock: Region X0Y2
-------------------------------------------------------------

+-----------+-------+-----------------+------------+-------------+-----------------+------+--------+------+------+-----+----+------+-----+---------+-------------------------------------------------------------------------------------------------------------------------------+
| Global Id | Track | Driver Type/Pin | Constraint | Clock Loads | Non-Clock Loads | FF   | LUTRAM | RAMB | URAM | DSP | GT | MMCM | PLL | Hard IP | Net                                                                                                                           |
+-----------+-------+-----------------+------------+-------------+-----------------+------+--------+------+------+-----+----+------+-----+---------+-------------------------------------------------------------------------------------------------------------------------------+
| g0        | 19    | BUFGCE/O        | None       |        4294 |               0 | 4111 |    183 |    0 |    0 |   0 |  0 |    0 |   0 |       0 | kv260_phigent_heimdallr_i/clk_wiz_0/inst/clk_300M                                                                             |
| g1        | 20    | BUFGCE/O        | None       |          42 |               0 |   42 |      0 |    0 |    0 |   0 |  0 |    0 |   0 |       0 | kv260_phigent_heimdallr_i/clk_wiz_0/inst/clk_100M                                                                             |
| g2        | 21    | BUFGCE/O        | None       |           4 |               0 |    4 |      0 |    0 |    0 |   0 |  0 |    0 |   0 |       0 | kv260_phigent_heimdallr_i/clk_wiz_0/inst/clk_200M                                                                             |
| g3        | 1     | BUFGCE/O        | None       |         512 |               0 |  504 |      8 |    0 |    0 |   0 |  0 |    0 |   0 |       0 | kv260_phigent_heimdallr_i/capture_pipeline_0/mipi_csi2_rx_subsyst_0/inst/phy/inst/inst/bd_4a56_phy_0_rx_support_i/rxbyteclkhs |
| g8        | 8     | BUFGCE/O        | None       |           0 |             174 |  174 |      0 |    0 |    0 |   0 |  0 |    0 |   0 |       0 | kv260_phigent_heimdallr_i/PS_0/inst/emio_gpio_o[0]                                                                            |
+-----------+-------+-----------------+------------+-------------+-----------------+------+--------+------+------+-----+----+------+-----+---------+-------------------------------------------------------------------------------------------------------------------------------+
* Clock Loads column represents the clock pin loads (pin count)
** Non-Clock Loads column represents the non-clock pin loads (pin count)
*** Columns FF, LUTRAM, RAMB through 'Hard IP' represents load cell counts


24. Clock Region Cell Placement per Global Clock: Region X1Y2
-------------------------------------------------------------

+-----------+-------+-----------------+------------+-------------+-----------------+------+--------+------+------+-----+----+------+-----+---------+-------------------------------------------------------------------------------------------------------------------------------+
| Global Id | Track | Driver Type/Pin | Constraint | Clock Loads | Non-Clock Loads | FF   | LUTRAM | RAMB | URAM | DSP | GT | MMCM | PLL | Hard IP | Net                                                                                                                           |
+-----------+-------+-----------------+------------+-------------+-----------------+------+--------+------+------+-----+----+------+-----+---------+-------------------------------------------------------------------------------------------------------------------------------+
| g0        | 19    | BUFGCE/O        | None       |        1692 |               0 | 1669 |     11 |   12 |    0 |   0 |  0 |    0 |   0 |       0 | kv260_phigent_heimdallr_i/clk_wiz_0/inst/clk_300M                                                                             |
| g1        | 20    | BUFGCE/O        | None       |           2 |               0 |    2 |      0 |    0 |    0 |   0 |  0 |    0 |   0 |       0 | kv260_phigent_heimdallr_i/clk_wiz_0/inst/clk_100M                                                                             |
| g3+       | 1     | BUFGCE/O        | None       |           0 |               0 |    0 |      0 |    0 |    0 |   0 |  0 |    0 |   0 |       0 | kv260_phigent_heimdallr_i/capture_pipeline_0/mipi_csi2_rx_subsyst_0/inst/phy/inst/inst/bd_4a56_phy_0_rx_support_i/rxbyteclkhs |
| g8+       | 8     | BUFGCE/O        | None       |           0 |               0 |    0 |      0 |    0 |    0 |   0 |  0 |    0 |   0 |       0 | kv260_phigent_heimdallr_i/PS_0/inst/emio_gpio_o[0]                                                                            |
| g9+       | 0     | BUFG_PS/O       | None       |           0 |               0 |    0 |      0 |    0 |    0 |   0 |  0 |    0 |   0 |       0 | kv260_phigent_heimdallr_i/PS_0/inst/pl_clk0                                                                                   |
+-----------+-------+-----------------+------------+-------------+-----------------+------+--------+------+------+-----+----+------+-----+---------+-------------------------------------------------------------------------------------------------------------------------------+
* Clock Loads column represents the clock pin loads (pin count)
** Non-Clock Loads column represents the non-clock pin loads (pin count)
*** Columns FF, LUTRAM, RAMB through 'Hard IP' represents load cell counts
**** In Global Id column, sympbol '+' indicates that global clock was used only to route through the clock region.


25. Clock Region Cell Placement per Global Clock: Region X0Y3
-------------------------------------------------------------

+-----------+-------+-----------------+------------+-------------+-----------------+------+--------+------+------+-----+----+------+-----+---------+-------------------------------------------------------------------------------------------------------------------------------+
| Global Id | Track | Driver Type/Pin | Constraint | Clock Loads | Non-Clock Loads | FF   | LUTRAM | RAMB | URAM | DSP | GT | MMCM | PLL | Hard IP | Net                                                                                                                           |
+-----------+-------+-----------------+------------+-------------+-----------------+------+--------+------+------+-----+----+------+-----+---------+-------------------------------------------------------------------------------------------------------------------------------+
| g0        | 19    | BUFGCE/O        | None       |        1095 |               0 | 1093 |      2 |    0 |    0 |   0 |  0 |    0 |   0 |       0 | kv260_phigent_heimdallr_i/clk_wiz_0/inst/clk_300M                                                                             |
| g1        | 20    | BUFGCE/O        | None       |        3795 |               0 | 3608 |    187 |    0 |    0 |   0 |  0 |    0 |   0 |       0 | kv260_phigent_heimdallr_i/clk_wiz_0/inst/clk_100M                                                                             |
| g2        | 21    | BUFGCE/O        | None       |         393 |               0 |  392 |      1 |    0 |    0 |   0 |  0 |    0 |   0 |       0 | kv260_phigent_heimdallr_i/clk_wiz_0/inst/clk_200M                                                                             |
| g3        | 1     | BUFGCE/O        | None       |          91 |               0 |   91 |      0 |    0 |    0 |   0 |  0 |    0 |   0 |       0 | kv260_phigent_heimdallr_i/capture_pipeline_0/mipi_csi2_rx_subsyst_0/inst/phy/inst/inst/bd_4a56_phy_0_rx_support_i/rxbyteclkhs |
| g6        | 2     | BUFGCE/O        | None       |           9 |               0 |    9 |      0 |    0 |    0 |   0 |  0 |    0 |   0 |       0 | kv260_phigent_heimdallr_i/capture_pipeline_1/mipi_csi2_rx_subsyst_0/inst/phy/inst/inst/bd_8a97_phy_0_rx_support_i/rxbyteclkhs |
| g9+       | 0     | BUFG_PS/O       | None       |           0 |               0 |    0 |      0 |    0 |    0 |   0 |  0 |    0 |   0 |       0 | kv260_phigent_heimdallr_i/PS_0/inst/pl_clk0                                                                                   |
+-----------+-------+-----------------+------------+-------------+-----------------+------+--------+------+------+-----+----+------+-----+---------+-------------------------------------------------------------------------------------------------------------------------------+
* Clock Loads column represents the clock pin loads (pin count)
** Non-Clock Loads column represents the non-clock pin loads (pin count)
*** Columns FF, LUTRAM, RAMB through 'Hard IP' represents load cell counts
**** In Global Id column, sympbol '+' indicates that global clock was used only to route through the clock region.


26. Clock Region Cell Placement per Global Clock: Region X1Y3
-------------------------------------------------------------

+-----------+-------+-----------------+------------+-------------+-----------------+-----+--------+------+------+-----+----+------+-----+---------+---------------------------------------------------------------------------------------------------------------------------------------------------------------------------------------------------------------------+
| Global Id | Track | Driver Type/Pin | Constraint | Clock Loads | Non-Clock Loads | FF  | LUTRAM | RAMB | URAM | DSP | GT | MMCM | PLL | Hard IP | Net                                                                                                                                                                                                                 |
+-----------+-------+-----------------+------------+-------------+-----------------+-----+--------+------+------+-----+----+------+-----+---------+---------------------------------------------------------------------------------------------------------------------------------------------------------------------------------------------------------------------+
| g0+       | 19    | BUFGCE/O        | None       |           0 |               0 |   0 |      0 |    0 |    0 |   0 |  0 |    0 |   0 |       0 | kv260_phigent_heimdallr_i/clk_wiz_0/inst/clk_300M                                                                                                                                                                   |
| g2        | 21    | BUFGCE/O        | None       |         427 |               2 | 423 |      1 |    0 |    0 |   0 |  0 |    0 |   2 |       0 | kv260_phigent_heimdallr_i/clk_wiz_0/inst/clk_200M                                                                                                                                                                   |
| g3        | 1     | BUFGCE/O        | None       |          18 |               5 |  18 |      0 |    0 |    0 |   0 |  0 |    0 |   0 |       0 | kv260_phigent_heimdallr_i/capture_pipeline_0/mipi_csi2_rx_subsyst_0/inst/phy/inst/inst/bd_4a56_phy_0_rx_support_i/rxbyteclkhs                                                                                       |
| g4        | 3     | BUFGCE/O        | None       |          10 |               0 |  10 |      0 |    0 |    0 |   0 |  0 |    0 |   0 |       0 | kv260_phigent_heimdallr_i/capture_pipeline_0/mipi_csi2_rx_subsyst_0/inst/phy/inst/inst/bd_4a56_phy_0_rx_support_i/slave_rx.bd_4a56_phy_0_rx_hssio_i/inst/top_inst/clk_rst_top_inst/clk_scheme_inst/pll0_clkout0_out |
| g5        | 23    | BUFGCE/O        | None       |          10 |               0 |  10 |      0 |    0 |    0 |   0 |  0 |    0 |   0 |       0 | kv260_phigent_heimdallr_i/capture_pipeline_1/mipi_csi2_rx_subsyst_0/inst/phy/inst/inst/bd_8a97_phy_0_rx_support_i/slave_rx.bd_8a97_phy_0_rx_hssio_i/inst/top_inst/clk_rst_top_inst/clk_scheme_inst/pll0_clkout0_out |
| g6        | 2     | BUFGCE/O        | None       |           0 |               3 |   0 |      0 |    0 |    0 |   0 |  0 |    0 |   0 |       0 | kv260_phigent_heimdallr_i/capture_pipeline_1/mipi_csi2_rx_subsyst_0/inst/phy/inst/inst/bd_8a97_phy_0_rx_support_i/rxbyteclkhs                                                                                       |
| g9+       | 0     | BUFG_PS/O       | None       |           0 |               0 |   0 |      0 |    0 |    0 |   0 |  0 |    0 |   0 |       0 | kv260_phigent_heimdallr_i/PS_0/inst/pl_clk0                                                                                                                                                                         |
+-----------+-------+-----------------+------------+-------------+-----------------+-----+--------+------+------+-----+----+------+-----+---------+---------------------------------------------------------------------------------------------------------------------------------------------------------------------------------------------------------------------+
* Clock Loads column represents the clock pin loads (pin count)
** Non-Clock Loads column represents the non-clock pin loads (pin count)
*** Columns FF, LUTRAM, RAMB through 'Hard IP' represents load cell counts
**** In Global Id column, sympbol '+' indicates that global clock was used only to route through the clock region.


